Statement for BigCo
  As You Like It: $345.00 (20 seats)
Amount owed is $345.00
You earned 4 credits
Your loyalty 50 points
