Statement for BigCo
  As You Like It: $620.00 (40 seats)
Amount owed is $620.00
You earned 18 credits
