Statement for BigCo
  Hamlet: $500.00 (40 seats)
Amount owed is $500.00
You earned 10 credits
