Statement for BigCo
  Hamlet: $635.00 (55 seats)
  As You Like It: $580.00 (35 seats)
  Othello: $500.00 (40 seats)
Amount owed is $1,715.00
You earned 47 credits
Your loyalty 50 points
